[CompoundList]
  [CompoundListCondition, None]
    [SimpleCommand "echo data/*/doesnotexist"]
[Escape Map
  
]
shit: 1:6: Error: Could not expand path: No expansions found for 'data/*/doesnotexist'.
     1 |  echo data/*/doesnotexist
       |       ^~~~~~~~~~~~~~~~~~~ here.
