[Binary /]
  [Number 1]
  [Number 0]
shit: 1:3: Division by 0.
     1 |  1/0
            ^~ Error happened here.
