shit: 7:1: Expected a binary operator, found 'happiness'.
     7 |  happiness
          ^~ Error happened here.
