shit: 1:1: Error: Unterminated If condition.
     1 |  if 1 then
          ^~ Error happened here.
shit: 5:1: Note:
     5 |  
          ^~ Expected 'Fi' here.
