[CompoundList]
  [CompoundListCondition, None]
    [SimpleCommand "exit 54"]
[Escape Map
  
]
shit: Goodbye :c (Code 54)
