[CompoundList]
  [CompoundListCondition, None]
    [SimpleCommand "exit"]
[Escape Map
  
]
shit: Goodbye :c
