[CompoundList]
  [CompoundListCondition, None]
    [SimpleCommand "exit hello world hello world"]
[Escape Map
  
]
shit: Goodbye :c
