[Sequence]
  [SequenceNode Simple]
    [Exec "test -d ~"]
[Code 0]
