[Binary ^]
  [Binary +]
    [Binary +]
      [Binary +]
        [Unary -]
          [Number 7]
        [Binary |]
          [Binary ^]
            [Number 2]
            [Binary +]
              [Number 2]
              [Binary *]
                [Number 3]
                [Number 2]
          [Binary >]
            [Binary -]
              [Binary |]
                [Number 5]
                [Number 2]
              [Number 1]
            [Number 2]
      [Unary -]
        [Binary -]
          [Unary -]
            [Binary ^]
              [Binary *]
                [Binary +]
                  [Number 46]
                  [Number 2]
                [Number 3]
              [Number 2]
          [Binary <<]
            [Number 2]
            [Binary /]
              [Number 25]
              [Number 5]
    [Number 5]
  [Binary -]
    [Binary -]
      [Binary -]
        [Binary +]
          [Binary -]
            [Binary -]
              [Number 2]
              [Unary -]
                [Binary *]
                  [Number 52]
                  [Binary %]
                    [Number 25]
                    [Number 10]
            [Binary ||]
              [Binary >=]
                [Number 2]
                [Number 2]
              [Binary >>]
                [Number 5]
                [Number 24]
          [Binary !=]
            [Binary +]
              [Unary -]
                [Unary +]
                  [Binary >>]
                    [Binary +]
                      [Unary ~]
                        [Number 2]
                      [Binary <=]
                        [Number 1]
                        [Number 2]
                    [Binary %]
                      [Binary /]
                        [Binary <]
                          [Number 1]
                          [Number 2]
                        [Number 4]
                      [Number 2]
              [Number 1]
            [Number 0]
        [Binary +]
          [Number 5]
          [Binary *]
            [Number 10]
            [Number 2]
      [Number 6]
    [Unary ~]
      [Number 5]
54
