[Sequence]
  [SequenceNode Simple]
    [Exec "echo Hello World"]
Hello World
[Code 0]
