[If]
  [Binary ==]
    [If]
      [Binary ==]
        [Number 1]
        [Number 1]
      [Number 27]
    [Else]
      [Number 54]
    [Number 54]
  [Number 4]
[Else]
  [Number 10]
10
