[CompoundList]
  [CompoundListCondition, None]
    [SimpleCommand "echo привет мир! hello sailor!"]
[Escape Map
  00000100 00000000 00000000 00001000 
]
привет мир! hello sailor!
[Code 0]
