shit: 1:1: Error: Expected a command before operator, found '||'.
     1 |  || true
          ^~ here.
