0:512: Bracket nesting level exceeded maximum of 256.
!(!(!(!(!(!(!(!(!(!(!(!(!(!1))))))))))))))))))))))
                         ^~ Error happened here.
