1:513: Bracket nesting level exceeded maximum of 256.
     1 |  ..!(!(!(!(!(!(!(!(!(!(!(!(!(!1))))))))))))))))))))))..
                                     ^~ Error happened here.
