[Binary ^]
  [Binary +]
    [Binary +]
      [Binary |]
        [Binary ^]
          [Const 2]
          [Binary +]
            [Const 2]
            [Binary *]
              [Const 3]
              [Const 2]
        [Const 5]
      [Binary -]
        [Unary -]
          [Binary ^]
            [Binary *]
              [Const 42]
              [Const 3]
            [Const 2]
        [Const 25]
    [Const 5]
  [Binary -]
    [Const 2]
    [Binary -]
      [Binary -]
        [Binary -]
          [Binary +]
            [Binary -]
              [Const 52]
              [Binary ||]
                [Binary >=]
                  [Const 2]
                  [Const 2]
                [Binary >>]
                  [Const 5]
                  [Const 24]
            [Const 2]
          [Binary +]
            [Const 5]
            [Binary *]
              [Const 10]
              [Const 2]
        [Const 5]
      [Unary ~]
        [Const 5]
154
