[CompoundList]
  [CompoundListCondition, None]
    [SimpleCommand "echo 1"]
  [CompoundListCondition, None]
    [SimpleCommand "false"]
  [CompoundListCondition, None]
    [SimpleCommand "echo 2"]
  [CompoundListCondition, None]
    [SimpleCommand "false"]
  [CompoundListCondition, None]
    [SimpleCommand "echo 3"]
  [CompoundListCondition, None]
    [SimpleCommand "echo 1"]
  [CompoundListCondition, &&]
    [SimpleCommand "echo 2"]
  [CompoundListCondition, ||]
    [SimpleCommand "echo 3"]
  [CompoundListCondition, None]
    [SimpleCommand "false"]
  [CompoundListCondition, &&]
    [SimpleCommand "echo 1"]
  [CompoundListCondition, ||]
    [SimpleCommand "false"]
  [CompoundListCondition, &&]
    [SimpleCommand "echo 2"]
  [CompoundListCondition, ||]
    [SimpleCommand "true"]
  [CompoundListCondition, &&]
    [SimpleCommand "echo 3"]
[Escape Map
  
]
1
2
3
1
2
3
[Code 0]
