[Sequence]
  [SequenceNode Simple]
    [Exec "echo"]

[Code 0]
