[CompoundList]
  [CompoundListCondition, None]
    [SimpleCommand "test -d ~"]
  [CompoundListCondition, &&]
    [SimpleCommand "echo 1"]
  [CompoundListCondition, None]
    [SimpleCommand "test -d ~/"]
  [CompoundListCondition, &&]
    [SimpleCommand "echo 2"]
  [CompoundListCondition, None]
    [SimpleCommand "test -d ~"]
  [CompoundListCondition, &&]
    [SimpleCommand "echo 3"]
1
2
[Code 1]
