[CompoundList]
  [CompoundListCondition, None]
    [SimpleCommand "echo юникод"]
  [CompoundListCondition, None]
    [SimpleCommand "does_not_exist*"]
[Escape Map
  
]
юникод
shit: 1:14: Error: Could not expand path: No expansions found for 'does_not_exist*'.
     1 |  echo юникод; does_not_exist*
       |               ^~~~~~~~~~~~~~~ here.
