shit: 1:1: Error: Unterminated string literal.
     1 |  "quote?
       |  ^~~~~~~ here.
shit: 1:8: Note:
     1 |  "quote?
       |         ^~ expected " here.
